                 kl_before  kl_after  fft_before  fft_after
model     level                                            
nafnet    1         0.0349    0.0230      1.0419     0.1336
          2         0.0282    0.0222      0.8642     0.1191
          4         0.0377    0.0273      1.0717     0.1368
          8         0.0301    0.0246      0.8547     0.1267
          12        0.0391    0.0338      1.0133     0.1424
          16        0.0832    0.0326      0.8997     0.1442
          20        0.0451    0.0316      1.0042     0.1458
          28        0.0798    0.0283      0.9298     0.1549
          36        0.0910    0.0388      0.8400     0.1548
restormer 1         0.0381    0.0227      1.3483     0.1301
          2         0.0370    0.0218      1.3151     0.1280
          4         0.0560    0.0257      1.2696     0.1271
          8         0.0337    0.0246      1.2752     0.1275
          12        0.0677    0.0391      1.1258     0.1345
          16        0.0998    0.0446      1.1120     0.1443
          20        0.1165    0.0409      1.0550     0.1373
          28        0.1300    0.0424      0.9713     0.1445
          36        0.1940    0.0444      1.1072     0.1570
