                 u_precision  u_recall  u_rmse
model     level                               
nafnet    1           0.9393       1.0  0.3853
          2           0.9338       1.0  0.3709
          4           0.9402       1.0  0.3770
          8           0.9390       1.0  0.4601
          12          0.9456       1.0  0.4344
          16          0.9362       1.0  0.4143
          20          0.9423       1.0  0.4355
          28          0.9268       1.0  0.3885
          36          0.9167       1.0  0.4000
restormer 1           0.9938       1.0  0.3660
          2           0.9798       1.0  0.3795
          4           0.9486       1.0  0.3647
          8           0.9676       1.0  0.4618
          12          0.9597       1.0  0.3680
          16          0.9579       1.0  0.4551
          20          0.9400       1.0  0.3727
          28          0.9444       1.0  0.3964
          36          0.9500       1.0  0.4152
