cls              borderline_shifted  boundary_edge  invented_damaged  invented_undamaged
model     level                                                                         
nafnet    1                       2             63                 0                   8
          2                       1             56                 1                  11
          4                       7             53                 4                  10
          8                       8             61                 4                  10
          12                      4             59                 4                   6
          16                     11             66                 2                  13
          20                     11             51                15                  11
          28                     13             54                 6                   6
          36                     18             75                15                   8
restormer 1                       1             19                 0                   6
          2                       3             21                 0                   9
          4                       4             29                 3                  13
          8                       5             25                 4                  10
          12                     10             27                 5                  19
          16                     24             46                 6                  15
          20                     19             29                10                  23
          28                     20             32                 5                  13
          36                     37             27                20                  14

cls        borderline_shifted  boundary_edge  invented_damaged  invented_undamaged
model                                                                             
nafnet                     75            538                51                  83
restormer                 123            255                53                 122

total FP instances: 1300 over 20x9 images/model
