[nafnet_w32_v1] nafnet 29.2M params, mode=smoke
train pairs: 12571
val subset pairs: 180
it 100/500 loss 0.2484 charb 0.2408 fft 0.0754 lr 9.05e-04 2.04 it/s peak 25.7 GiB
it 200/500 loss 0.2231 charb 0.2166 fft 0.0653 lr 6.55e-04 2.10 it/s peak 25.7 GiB
it 300/500 loss 0.2044 charb 0.1982 fft 0.0628 lr 3.46e-04 2.12 it/s peak 25.7 GiB
it 400/500 loss 0.2854 charb 0.2765 fft 0.0890 lr 9.56e-05 2.13 it/s peak 25.7 GiB
it 500/500 loss 0.1993 charb 0.1921 fft 0.0726 lr 1.00e-07 2.14 it/s peak 25.7 GiB
--- val @ it 500 (full=True) ---
          psnr    ssim      kl  fft_err  psnr_dmg  psnr_undmg  col_precision  col_recall  col_rmse
level                                                                                             
1      29.5413  0.8675  0.0719   0.8296   28.0610     32.3973            1.0      0.9869    0.4321
2      27.3199  0.8642  0.1024   0.8625   22.2002     31.7966            1.0      0.9723    0.4195
4      27.7844  0.8521  0.0815   0.8343   18.6505     32.1662            1.0      0.9646    0.4783
8      23.5557  0.8341  0.1201   0.8247   19.1885     29.3568            1.0      0.9419    0.5825
12     26.7100  0.8469  0.1273   0.7915   21.1881     31.9194            1.0      0.9152    0.4922
16     24.0199  0.8364  0.1716   0.7859   19.5759     27.8984            1.0      0.8941    0.6048
20     23.7738  0.8251  0.1620   0.8135   20.6575     30.7815            1.0      0.8710    0.6087
28     23.1940  0.8298  0.3457   0.8435   18.9580     31.3096            1.0      0.8388    0.7672
36     22.0607  0.8019  0.2595   0.8147   18.1061     31.3856            1.0      0.8119    0.6796
DONE at iter 500; 5.4 min, peak 25.7 GiB
