[restormer_v1] restormer 26.1M params, mode=smoke
train pairs: 12571
val subset pairs: 180
it 100/500 loss 0.2797 charb 0.2728 fft 0.0695 lr 2.71e-04 1.23 it/s peak 80.8 GiB
it 200/500 loss 0.1538 charb 0.1498 fft 0.0400 lr 1.97e-04 1.26 it/s peak 80.8 GiB
it 300/500 loss 0.2726 charb 0.2667 fft 0.0599 lr 1.04e-04 1.26 it/s peak 80.8 GiB
it 400/500 loss 0.2629 charb 0.2554 fft 0.0757 lr 2.96e-05 1.27 it/s peak 80.8 GiB
it 500/500 loss 0.2913 charb 0.2828 fft 0.0849 lr 1.00e-06 1.27 it/s peak 80.8 GiB
--- val @ it 500 (full=True) ---
          psnr    ssim      kl  fft_err  psnr_dmg  psnr_undmg  col_precision  col_recall  col_rmse
level                                                                                             
1      28.8111  0.8745  0.1181   0.7268   27.9869     31.4052         0.9968      0.9873    0.5447
2      26.9474  0.8705  0.1158   0.7487   22.2328     29.7291         0.9873      0.9740    0.5237
4      27.5478  0.8600  0.1545   0.7370   19.6534     30.3986         0.9968      0.9706    0.6260
8      24.1163  0.8396  0.1821   0.7576   20.0054     29.5884         1.0000      0.9462    0.7505
12     25.6759  0.8461  0.1859   0.7492   20.5470     30.5342         0.9918      0.9134    0.5888
16     24.2770  0.8324  0.2095   0.7098   19.2188     28.9556         0.9931      0.8920    0.7637
20     23.2830  0.8305  0.2927   0.7264   20.3538     30.1076         0.9897      0.8762    0.6688
28     22.5554  0.8269  0.2939   0.7791   18.4078     30.1591         0.9890      0.8279    0.8249
36     21.8842  0.8053  0.4094   0.7608   18.0464     31.0389         0.9973      0.8119    0.8084
DONE at iter 500; 8.2 min, peak 80.8 GiB
