inferred 200/2052
inferred 400/2052
inferred 600/2052
inferred 800/2052
inferred 1000/2052
inferred 1200/2052
inferred 1400/2052
inferred 1600/2052
inferred 1800/2052
inferred 2000/2052
                  psnr  recall  psnr_dmg  def_pres  vac_ph   seg_p   seg_r  psnr_missed  edited
thr dil level                                                                                  
0.3 2   1      33.2024  1.0000   30.3070    0.9747  0.0049  0.1356  0.9833      31.1058  0.5535
        2      32.3611  1.0000   30.4031    0.9749  0.0066  0.1491  0.9884      31.3139  0.5691
        4      31.7817  1.0000   29.0684    0.9667  0.0034  0.1901  0.9904      30.8062  0.6047
        8      31.5701  0.9939   28.4398    0.9719  0.0052  0.2369  0.9954      29.4775  0.6952
        12     30.7017  0.9896   27.2914    0.9589  0.0070  0.2830  0.9953      30.3009  0.7155
        16     29.6665  0.9885   26.0997    0.9386  0.0088  0.3347  0.9958      30.5979  0.6948
        20     29.0042  0.9859   26.0087    0.9412  0.0075  0.3657  0.9960      29.9637  0.7261
        28     27.2443  0.9729   23.8967    0.9188  0.0081  0.4469  0.9934      27.6348  0.7669
        36     26.5865  0.9680   23.1942    0.8963  0.0082  0.4947  0.9955      28.4094  0.7777
    4   1      33.1601  1.0000   30.4649    0.9747  0.0050  0.1204  0.9907      31.3133  0.6287
        2      32.3969  1.0000   30.5993    0.9757  0.0067  0.1301  0.9941      31.4057  0.6407
        4      31.8259  1.0000   29.0968    0.9667  0.0035  0.1702  0.9947      30.9571  0.6598
        8      31.6758  0.9941   28.4359    0.9723  0.0053  0.2164  0.9973      29.8459  0.7577
        12     30.7142  0.9896   27.2919    0.9591  0.0070  0.2643  0.9973      30.2135  0.7642
        16     29.6854  0.9885   26.1013    0.9386  0.0089  0.3162  0.9976      30.6489  0.7476
        20     29.0607  0.9859   26.0056    0.9410  0.0076  0.3454  0.9977      30.0609  0.7813
        28     27.2467  0.9729   23.8982    0.9188  0.0081  0.4200  0.9960      27.6512  0.8126
        36     26.6051  0.9683   23.2034    0.8963  0.0083  0.4735  0.9971      28.5603  0.8147
0.5 2   1      32.9695  1.0000   29.8170    0.9759  0.0044  0.1913  0.9175      28.8067  0.3419
        2      32.0276  1.0000   29.7794    0.9791  0.0062  0.2099  0.9349      30.4161  0.3663
        4      31.6567  1.0000   28.6174    0.9678  0.0032  0.2489  0.9426      29.6175  0.4190
        8      31.3046  0.9938   27.9842    0.9705  0.0048  0.2915  0.9736      28.9897  0.4867
        12     30.5364  0.9896   27.1057    0.9614  0.0068  0.3521  0.9720      29.7397  0.5121
        16     29.6777  0.9881   26.0082    0.9386  0.0086  0.4125  0.9773      29.4232  0.5359
        20     28.8731  0.9854   25.9931    0.9412  0.0070  0.4497  0.9816      29.2862  0.5696
        28     27.1891  0.9739   23.7777    0.9135  0.0080  0.5173  0.9753      27.3134  0.6121
        36     26.5016  0.9686   23.1042    0.9013  0.0078  0.5609  0.9818      27.2947  0.6251
    4   1      33.0919  1.0000   30.0866    0.9759  0.0046  0.1662  0.9473      29.1937  0.4065
        2      32.0217  1.0000   29.9638    0.9779  0.0064  0.1811  0.9618      30.7356  0.4294
        4      31.7052  1.0000   28.7014    0.9676  0.0033  0.2238  0.9622      30.0918  0.4831
        8      31.4618  0.9936   28.2376    0.9707  0.0049  0.2703  0.9827      29.3011  0.5515
        12     30.5928  0.9895   27.2016    0.9611  0.0069  0.3273  0.9817      30.0094  0.5850
        16     29.6857  0.9881   26.0423    0.9386  0.0087  0.3800  0.9856      29.7934  0.5956
        20     28.9016  0.9855   25.9975    0.9412  0.0071  0.4153  0.9878      29.4500  0.6222
        28     27.2184  0.9741   23.8146    0.9138  0.0080  0.4859  0.9832      27.3075  0.6551
        36     26.5096  0.9686   23.1085    0.9013  0.0080  0.5376  0.9871      27.3691  0.6737
0.7 2   1      32.5266  1.0000   28.4166    0.9813  0.0037  0.2687  0.7240      26.5388  0.2002
        2      31.7817  1.0000   28.8132    0.9795  0.0053  0.2820  0.7742      28.2323  0.2229
        4      31.3397  1.0000   27.6501    0.9705  0.0030  0.3295  0.8194      27.6781  0.2512
        8      30.9337  0.9944   27.3057    0.9698  0.0042  0.3879  0.8907      27.6195  0.3306
        12     30.3311  0.9894   26.5526    0.9629  0.0066  0.4524  0.9057      28.5399  0.3549
        16     29.4483  0.9885   25.8991    0.9390  0.0080  0.5051  0.9234      28.4710  0.4060
        20     28.8395  0.9854   25.8043    0.9412  0.0066  0.5324  0.9287      28.6094  0.4196
        28     27.1200  0.9739   23.4642    0.9142  0.0079  0.6115  0.9269      26.6197  0.4621
        36     26.3640  0.9688   23.0945    0.9020  0.0072  0.6534  0.9429      26.3716  0.4775
    4   1      32.5978  1.0000   28.6560    0.9813  0.0039  0.2364  0.7926      26.7365  0.2400
        2      31.8634  1.0000   29.1005    0.9795  0.0056  0.2562  0.8387      28.9966  0.2560
        4      31.4903  1.0000   27.9907    0.9695  0.0031  0.3015  0.8631      28.0104  0.3007
        8      31.0683  0.9944   27.6320    0.9695  0.0044  0.3579  0.9252      28.3127  0.3717
        12     30.3871  0.9896   26.6139    0.9629  0.0067  0.4198  0.9291      28.7007  0.4007
        16     29.5487  0.9885   25.9639    0.9390  0.0082  0.4718  0.9420      28.7532  0.4420
        20     28.8447  0.9854   25.8822    0.9412  0.0067  0.5014  0.9476      28.7430  0.4690
        28     27.1336  0.9744   23.5919    0.9142  0.0079  0.5835  0.9450      26.5577  0.5107
        36     26.4017  0.9688   23.0926    0.9016  0.0075  0.6178  0.9545      26.7347  0.5180
