inferred 200/2052
inferred 400/2052
inferred 600/2052
inferred 800/2052
inferred 1000/2052
inferred 1200/2052
inferred 1400/2052
inferred 1600/2052
inferred 1800/2052
inferred 2000/2052
                       psnr  recall  psnr_dmg  def_pres  vac_ph   seg_p   seg_r  seg_fp_def  psnr_missed  edited
thr  dil ms  level                                                                                              
0.50 2   400 1      32.7585  1.0000   27.6351    0.9889  0.0019  0.2295  0.7778      0.2000      24.8706  0.2195
             2      31.4978  0.9949   26.0009    0.9845  0.0030  0.2466  0.7835      0.2147      22.0715  0.2268
             4      31.0062  0.9944   25.6652    0.9781  0.0018  0.3133  0.8202      0.2191      22.7452  0.2675
             8      30.5393  0.9936   26.5353    0.9726  0.0034  0.3769  0.8810      0.2647      25.7858  0.3285
             12     30.1316  0.9894   26.1787    0.9700  0.0066  0.4407  0.9147      0.2769      26.3376  0.3838
             16     29.3719  0.9890   25.7269    0.9439  0.0071  0.5078  0.9249      0.2557      26.1576  0.4007
             20     28.6161  0.9859   25.2830    0.9403  0.0055  0.5366  0.9397      0.2605      26.3698  0.4348
             28     26.9699  0.9750   23.4403    0.9148  0.0069  0.5887  0.9404      0.2468      23.7126  0.5036
             36     26.3722  0.9699   22.9791    0.9091  0.0072  0.6313  0.9486      0.2787      24.8605  0.5231
0.70 2   0   1      32.5882  0.9948   26.7085    0.9873  0.0013  0.3143  0.6103      0.1270      23.8256  0.1235
             2      31.2217  0.9923   24.5371    0.9862  0.0021  0.3369  0.6450      0.1373      20.4472  0.1359
             4      29.9394  0.9936   24.2924    0.9799  0.0015  0.4080  0.7073      0.1457      20.5293  0.1640
             8      30.0048  0.9914   25.1641    0.9721  0.0026  0.4828  0.7706      0.1809      22.9836  0.2250
             12     29.6770  0.9862   24.7946    0.9715  0.0061  0.5389  0.8152      0.2103      23.7881  0.2594
             16     28.8537  0.9885   24.6552    0.9436  0.0057  0.6102  0.8479      0.1916      23.8975  0.2973
             20     28.0447  0.9867   24.4650    0.9375  0.0050  0.6345  0.8756      0.1895      24.6142  0.3142
             28     26.6417  0.9750   22.9233    0.9101  0.0065  0.6766  0.8824      0.1782      22.3608  0.3701
             36     25.8825  0.9688   22.6456    0.9084  0.0065  0.7062  0.8925      0.2200      23.3731  0.4017
         400 1      32.5491  0.9948   26.5854    0.9873  0.0013  0.2833  0.4333      0.1167      24.2756  0.1034
             2      31.2199  0.9921   24.4432    0.9862  0.0020  0.3468  0.5402      0.1267      20.9510  0.1176
             4      29.8358  0.9934   24.1785    0.9792  0.0015  0.4302  0.6559      0.1362      20.8228  0.1458
             8      29.8995  0.9913   25.0885    0.9721  0.0026  0.5062  0.7341      0.1715      23.5218  0.2106
             12     29.6344  0.9861   24.6909    0.9715  0.0060  0.5620  0.7832      0.2027      24.2232  0.2434
             16     28.8624  0.9885   24.5957    0.9433  0.0053  0.6433  0.8182      0.1847      24.0744  0.2675
             20     28.0022  0.9862   24.4231    0.9375  0.0049  0.6598  0.8538      0.1822      24.7901  0.2847
             28     26.6338  0.9750   22.8822    0.9101  0.0065  0.7001  0.8631      0.1729      22.4171  0.3446
             36     25.8716  0.9688   22.6154    0.9084  0.0065  0.7225  0.8826      0.2139      23.5212  0.3868
0.90 2   0   1      32.4950  0.9942   25.8361    0.9955  0.0008  0.4352  0.0750      0.0441      24.7475  0.0165
             2      30.6745  0.9898   22.2315    0.9913  0.0009  0.5412  0.1788      0.0469      20.0766  0.0236
             4      28.8759  0.9881   21.3788    0.9816  0.0010  0.6347  0.2662      0.0518      19.3481  0.0374
             8      27.9872  0.9876   21.3678    0.9737  0.0010  0.7334  0.4004      0.0741      19.3406  0.0726
             12     27.6087  0.9818   21.8568    0.9667  0.0045  0.7632  0.4971      0.1032      20.7172  0.0970
             16     26.8121  0.9841   21.7590    0.9381  0.0032  0.8061  0.5560      0.1043      20.6798  0.1226
             20     26.4570  0.9814   21.8872    0.9311  0.0039  0.8405  0.6134      0.0954      20.8881  0.1421
             28     25.1991  0.9713   20.9399    0.9010  0.0044  0.8585  0.6682      0.0945      19.7711  0.1843
             36     24.6970  0.9611   21.1045    0.8914  0.0039  0.8593  0.6829      0.1264      20.1756  0.2391
         400 1      32.4390  0.9941   25.8318    0.9955  0.0008  0.0000  0.0000      0.0402      24.6957  0.0050
             2      30.6188  0.9895   22.0582    0.9913  0.0009  0.4908  0.0891      0.0428      20.2522  0.0118
             4      28.8629  0.9848   21.3342    0.9816  0.0009  0.6425  0.1829      0.0476      19.1901  0.0279
             8      27.8834  0.9841   21.1859    0.9737  0.0010  0.7482  0.3468      0.0690      19.1013  0.0546
             12     27.5375  0.9811   21.8455    0.9667  0.0044  0.7822  0.4496      0.0951      20.6918  0.0815
             16     26.7540  0.9838   21.7169    0.9379  0.0031  0.8268  0.5152      0.0962      20.7648  0.1108
             20     26.3305  0.9782   21.8448    0.9316  0.0038  0.8569  0.5831      0.0925      20.8792  0.1297
             28     25.1927  0.9688   20.8717    0.9008  0.0044  0.8719  0.6428      0.0897      19.6146  0.1739
             36     24.6349  0.9611   21.0478    0.8913  0.0038  0.8701  0.6625      0.1226      20.2075  0.2261
0.95 2   400 1      32.2175  0.9941   25.3396    0.9955  0.0005  0.0000  0.0000      0.0189      24.8495  0.0000
             2      30.2634  0.9884   21.2439    0.9930  0.0005  0.0000  0.0000      0.0190      20.5545  0.0000
             4      28.3531  0.9830   20.3164    0.9843  0.0005  0.6312  0.0397      0.0179      19.0210  0.0042
             8      26.4486  0.9735   18.9423    0.9707  0.0004  0.8278  0.1297      0.0383      17.9078  0.0218
             12     25.7120  0.9697   19.1522    0.9647  0.0028  0.8657  0.2428      0.0526      18.0678  0.0365
             16     24.8922  0.9742   19.7357    0.9383  0.0020  0.8962  0.2834      0.0581      18.3291  0.0604
             20     24.6006  0.9643   19.8753    0.9319  0.0030  0.9048  0.3837      0.0554      18.1921  0.0851
             28     23.5657  0.9524   18.9185    0.8922  0.0023  0.9356  0.4469      0.0501      17.4897  0.1160
             36     23.1341  0.9531   19.5339    0.8861  0.0026  0.9230  0.5021      0.0706      18.4169  0.1674
